NAME    MESHED   SUCCESS      RPS   LATENCY-P50   LATENCY-P95   LATENCY-P99    TLS   TCP-CONN   READ-BYTES/SEC   WRITE-BYTES/SEC
emoji      1/2   100.00%   2.0rps         123ms         123ms         123ms   100%        123           2.0B/s            2.0B/s
