NAMESPACE    NAME    MESHED   SUCCESS      RPS   LATENCY-P50   LATENCY-P95   LATENCY-P99    TLS   TCP-CONN
emojivoto1   emoji      1/2   100.00%   2.0rps         123ms         123ms         123ms   100%        123
emojivoto2   emoji      1/2   100.00%   2.0rps         123ms         123ms         123ms   100%        123
